{
   "button/submit": "Submit",
   "button/save-change": "{PLURAL, Save singular{Change}  plural{Changes}}",
   "button/register": "Register",
   "button/delete-account": "Delete Account"
}